(255 170 221 204 204 221 238 255 5 255 170 221 204 187 221 238 255)
