'a\'b'
'\'b'
'a\''
'\''
'a\nb'
'\nb'
'a\n'
'\n'
'a\\b'
'\\b'
'a\\'
'\\'
