(>> 2 1)
(>> 16 2)
(>> 0xf000000000000000 60)
(>> 0x8000000000000000 63)
