((1 a) (2 b))
((1 a A) (2 b B))
((1 a A) (2 b B))
((1 a A) (2 b B))
((1 a A) (2 b B) (c c c))
